build	UNKNOWN STEP	﻿2026-09-26T15:30:46.1618256Z Current runner version: '2.337.0'
build	UNKNOWN STEP	2026-09-26T15:30:46.1643685Z ##[group]Runner Image Provisioner
build	UNKNOWN STEP	2026-09-26T15:30:46.1644601Z Hosted Compute Agent
build	UNKNOWN STEP	2026-09-26T15:30:46.1645244Z Version: 20260828.587
build	UNKNOWN STEP	2026-09-26T15:30:46.1646003Z Commit: abac92662cab4cc7352de4f9f9d2e2419aad9c29
build	UNKNOWN STEP	2026-09-26T15:30:46.1646812Z Build Date: 2026-08-28T16:44:25Z
build	UNKNOWN STEP	2026-09-26T15:30:46.1647955Z Worker ID: {d77dac8a-af62-4773-b96d-e22f56a15e18}
build	UNKNOWN STEP	2026-09-26T15:30:46.1648765Z Azure Region: northcentralus
build	UNKNOWN STEP	2026-09-26T15:30:46.1649424Z ##[endgroup]
build	UNKNOWN STEP	2026-09-26T15:30:46.1651051Z ##[group]Operating System
build	UNKNOWN STEP	2026-09-26T15:30:46.1651727Z Ubuntu
build	UNKNOWN STEP	2026-09-26T15:30:46.1652285Z 22.04.5
build	UNKNOWN STEP	2026-09-26T15:30:46.1652906Z LTS
build	UNKNOWN STEP	2026-09-26T15:30:46.1653463Z ##[endgroup]
build	UNKNOWN STEP	2026-09-26T15:30:46.1654111Z ##[group]Runner Image
build	UNKNOWN STEP	2026-09-26T15:30:46.1654832Z Image: ubuntu-22.04
build	UNKNOWN STEP	2026-09-26T15:30:46.1655411Z Version: 20260920.303.1
build	UNKNOWN STEP	2026-09-26T15:30:46.1656794Z Included Software: https://github.com/actions/runner-images/blob/ubuntu22/20260920.303/images/ubuntu/Ubuntu2204-Readme.md
build	UNKNOWN STEP	2026-09-26T15:30:46.1658834Z Image Release: https://github.com/actions/runner-images/releases/tag/ubuntu22%2F20260920.303
build	UNKNOWN STEP	2026-09-26T15:30:46.1659896Z ##[endgroup]
build	UNKNOWN STEP	2026-09-26T15:30:46.1661048Z ##[group]GITHUB_TOKEN Permissions
build	UNKNOWN STEP	2026-09-26T15:30:46.1663030Z Contents: write
build	UNKNOWN STEP	2026-09-26T15:30:46.1663641Z Metadata: read
build	UNKNOWN STEP	2026-09-26T15:30:46.1664813Z ##[endgroup]
build	UNKNOWN STEP	2026-09-26T15:30:46.1666972Z Secret source: Actions
build	UNKNOWN STEP	2026-09-26T15:30:46.1668577Z Cache mode: write
build	UNKNOWN STEP	2026-09-26T15:30:46.1669561Z Prepare workflow directory
build	UNKNOWN STEP	2026-09-26T15:30:46.2122732Z Prepare all required actions
build	UNKNOWN STEP	2026-09-26T15:30:46.2194366Z Getting action download info
build	UNKNOWN STEP	2026-09-26T15:30:46.4741973Z Download action repository 'rokibhasansagar/slimhub_actions@main' (SHA:c2a6e4317d3de2b623ac7395b05e9d2149e8289b)
build	UNKNOWN STEP	2026-09-26T15:30:46.7000982Z Download action repository 'pierotofy/set-swap-space@master' (SHA:fc79b3f67fa8a838184ce84a674ca12238d2c761)
build	UNKNOWN STEP	2026-09-26T15:30:46.8168038Z Download action repository 'actions/upload-artifact@v4' (SHA:ea165f8d65b6e75b540449e92b4886f43607fa02)
build	UNKNOWN STEP	2026-09-26T15:30:46.9325320Z Download action repository 'softprops/action-gh-release@v2' (SHA:3bb12739c298aeb8a4eeaf626c5b8d85266b0e65)
build	UNKNOWN STEP	2026-09-26T15:30:47.2474496Z Complete job name: build
build	UNKNOWN STEP	2026-09-26T15:30:47.3202508Z ##[group]Run rokibhasansagar/slimhub_actions@main
build	UNKNOWN STEP	2026-09-26T15:30:47.3203478Z with:
build	UNKNOWN STEP	2026-09-26T15:30:47.3204074Z ##[endgroup]
build	UNKNOWN STEP	2026-09-26T15:30:47.3299303Z ##[start-action display=Cleanup Operation;id=__rokibhasansagar_slimhub_actions.__run]
build	UNKNOWN STEP	2026-09-26T15:30:47.3349228Z ##[group]Run chmod a+x $GITHUB_ACTION_PATH/cleanup.sh
build	UNKNOWN STEP	2026-09-26T15:30:47.3350018Z ^[[36;1mchmod a+x $GITHUB_ACTION_PATH/cleanup.sh^[[0m
build	UNKNOWN STEP	2026-09-26T15:30:47.3350683Z ^[[36;1mbash $GITHUB_ACTION_PATH/cleanup.sh^[[0m
build	UNKNOWN STEP	2026-09-26T15:30:47.3753822Z shell: /usr/bin/bash --noprofile --norc -e -o pipefail {0}
build	UNKNOWN STEP	2026-09-26T15:30:47.3754522Z env:
build	UNKNOWN STEP	2026-09-26T15:30:47.3754928Z   retain: 
build	UNKNOWN STEP	2026-09-26T15:30:47.3755323Z ##[endgroup]
build	UNKNOWN STEP	2026-09-26T15:30:47.3980066Z ^[[33;1;2m
build	UNKNOWN STEP	2026-09-26T15:30:47.3981254Z   ╔══════════════════════════════════════════════════════════════╗
build	UNKNOWN STEP	2026-09-26T15:30:47.3982554Z   ║                                                              ║
build	UNKNOWN STEP	2026-09-26T15:30:47.3983949Z   ║                Github Workflow Cleaner Action                ║
build	UNKNOWN STEP	2026-09-26T15:30:47.3985933Z   ║      --------------------------------------------------      ║
build	UNKNOWN STEP	2026-09-26T15:30:47.3986997Z   ║        Please Go Through The README.md File Properly.        ║
build	UNKNOWN STEP	2026-09-26T15:30:47.3988182Z   ║     ----------------------------------------------------     ║
build	UNKNOWN STEP	2026-09-26T15:30:47.3988934Z   ║                 Visit Here & Read Carefully:                 ║
build	UNKNOWN STEP	2026-09-26T15:30:47.3989728Z   ║  https://github.com/rokibhasansagar/slimhub_actions/#readme  ║
build	UNKNOWN STEP	2026-09-26T15:30:47.3990506Z   ║                                                              ║
build	UNKNOWN STEP	2026-09-26T15:30:47.3991289Z   ╚══════════════════════════════════════════════════════════════╝
build	UNKNOWN STEP	2026-09-26T15:30:47.3991728Z 
build	UNKNOWN STEP	2026-09-26T15:30:48.4042554Z ^[[0m::group::<{[<]}> Raw Disk Space Before Cleanup <{[>]}>
build	UNKNOWN STEP	2026-09-26T15:30:48.4274844Z Use%   Used  Avail
build	UNKNOWN STEP	2026-09-26T15:30:48.4275313Z  41% 60399M 88262M
build	UNKNOWN STEP	2026-09-26T15:30:48.4281388Z ##[endgroup]
build	UNKNOWN STEP	2026-09-26T15:30:48.4282561Z ##[group] {[+]}  Temporary Apt Cache Update
build	UNKNOWN STEP	2026-09-26T15:30:48.5359500Z Get:1 file:/etc/apt/apt-mirrors.txt Mirrorlist [144 B]
build	UNKNOWN STEP	2026-09-26T15:30:48.5722644Z Hit:2 http://azure.archive.ubuntu.com/ubuntu jammy InRelease
build	UNKNOWN STEP	2026-09-26T15:30:48.5724834Z Get:6 https://packages.microsoft.com/ubuntu/22.04/prod jammy InRelease [3632 B]
build	UNKNOWN STEP	2026-09-26T15:30:48.5758867Z Get:3 http://azure.archive.ubuntu.com/ubuntu jammy-updates InRelease [128 kB]
build	UNKNOWN STEP	2026-09-26T15:30:48.5818451Z Get:4 http://azure.archive.ubuntu.com/ubuntu jammy-backports InRelease [127 kB]
build	UNKNOWN STEP	2026-09-26T15:30:48.5838499Z Get:5 http://azure.archive.ubuntu.com/ubuntu jammy-security InRelease [129 kB]
build	UNKNOWN STEP	2026-09-26T15:30:48.7404334Z Get:7 https://packages.microsoft.com/ubuntu/22.04/prod jammy/main amd64 Packages [781 kB]
build	UNKNOWN STEP	2026-09-26T15:30:48.7565776Z Get:8 https://packages.microsoft.com/ubuntu/22.04/prod jammy/main arm64 Packages [544 kB]
build	UNKNOWN STEP	2026-09-26T15:30:48.8284488Z Get:9 http://azure.archive.ubuntu.com/ubuntu jammy-updates/main amd64 Packages [3858 kB]
build	UNKNOWN STEP	2026-09-26T15:30:48.8509823Z Get:10 http://azure.archive.ubuntu.com/ubuntu jammy-updates/main Translation-en [570 kB]
build	UNKNOWN STEP	2026-09-26T15:30:48.8568632Z Get:11 http://azure.archive.ubuntu.com/ubuntu jammy-updates/restricted amd64 Packages [6639 kB]
build	UNKNOWN STEP	2026-09-26T15:30:48.8909039Z Get:12 http://azure.archive.ubuntu.com/ubuntu jammy-updates/restricted Translation-en [1274 kB]
build	UNKNOWN STEP	2026-09-26T15:30:48.8980955Z Get:13 http://azure.archive.ubuntu.com/ubuntu jammy-updates/universe amd64 Packages [1285 kB]
build	UNKNOWN STEP	2026-09-26T15:30:48.9060114Z Get:14 http://azure.archive.ubuntu.com/ubuntu jammy-updates/universe Translation-en [324 kB]
build	UNKNOWN STEP	2026-09-26T15:30:48.9309882Z Get:15 http://azure.archive.ubuntu.com/ubuntu jammy-backports/main amd64 Packages [70.2 kB]
build	UNKNOWN STEP	2026-09-26T15:30:48.9329405Z Get:16 http://azure.archive.ubuntu.com/ubuntu jammy-backports/universe amd64 Packages [30.8 kB]
build	UNKNOWN STEP	2026-09-26T15:30:48.9340382Z Get:17 http://azure.archive.ubuntu.com/ubuntu jammy-backports/universe Translation-en [16.9 kB]
build	UNKNOWN STEP	2026-09-26T15:30:49.0265755Z Get:18 http://azure.archive.ubuntu.com/ubuntu jammy-security/main amd64 Packages [3580 kB]
build	UNKNOWN STEP	2026-09-26T15:30:49.0866088Z Get:19 http://azure.archive.ubuntu.com/ubuntu jammy-security/main Translation-en [501 kB]
build	UNKNOWN STEP	2026-09-26T15:30:49.0901430Z Get:20 http://azure.archive.ubuntu.com/ubuntu jammy-security/restricted amd64 Packages [6390 kB]
build	UNKNOWN STEP	2026-09-26T15:30:49.1280033Z Get:21 http://azure.archive.ubuntu.com/ubuntu jammy-security/restricted Translation-en [1229 kB]
build	UNKNOWN STEP	2026-09-26T15:30:49.1345101Z Get:22 http://azure.archive.ubuntu.com/ubuntu jammy-security/universe amd64 Packages [1052 kB]
build	UNKNOWN STEP	2026-09-26T15:30:49.1405933Z Get:23 http://azure.archive.ubuntu.com/ubuntu jammy-security/universe Translation-en [236 kB]
build	UNKNOWN STEP	2026-09-26T15:30:54.8014829Z Fetched 28.8 MB in 3s (8943 kB/s)
build	UNKNOWN STEP	2026-09-26T15:30:56.1221037Z Reading package lists...
build	UNKNOWN STEP	2026-09-26T15:30:56.1410871Z ##[endgroup]
build	UNKNOWN STEP	2026-09-26T15:30:56.1412460Z ##[group] {[-]}  Clearing Homebrew
build	UNKNOWN STEP	2026-09-26T15:30:56.9037808Z ==> Running in non-interactive mode because `$NONINTERACTIVE` is set.
build	UNKNOWN STEP	2026-09-26T15:30:59.1916635Z ==> /usr/bin/sudo /usr/bin/find /home/linuxbrew/.linuxbrew/bin /home/linuxbrew/.linuxbrew/etc /home/linuxbrew/.linuxbrew/include /home/linuxbrew/.linuxbrew/lib /home/linuxbrew/.linuxbrew/opt /home/linuxbrew/.linuxbrew/sbin /home/linuxbrew/.linuxbrew/share /home/linuxbrew/.linuxbrew/var /home/linuxbrew/.linuxbrew/Frameworks -depth -type d -empty -exec rmdir {} ;
build	UNKNOWN STEP	2026-09-26T15:30:59.2355421Z ##[endgroup]
build	UNKNOWN STEP	2026-09-26T15:30:59.2356229Z ##[group] {[-]}  Clearing Docker Image Caches
build	UNKNOWN STEP	2026-09-26T15:30:59.2356680Z The Following Docker Images Is Being Purged...
build	UNKNOWN STEP	2026-09-26T15:30:59.3530621Z ##[endgroup]
build	UNKNOWN STEP	2026-09-26T15:33:11.9014562Z ##[group] {[-]}  Uninstalling and Purging apt Packages
build	UNKNOWN STEP	2026-09-26T15:33:11.9021412Z [i] List of apt Packages to be Removed:   docker-buildx-plugin docker-ce-cli docker-ce containerd.io podman buildah skopeo containers-common kubectl temurin-*-jdk adoptopenjdk-* adoptium-ca-certificates openjdk-* ant ant-optional postgresql-* libpq-dev libmysqlclient* msodbcsql* mssql-tools unixodbc-dev mysql-client* mysql-common mysql-server* php*-*sql sphinxsearch mongodb* firefox google-chrome-stable microsoft-edge-stable xvfb apache2 apache2-* nginx nginx-* php-* php7* php8* session-manager-plugin azure-cli google-cloud-cli heroku gh subversion mercurial vim vim-* dotnet* aspnetcore* mono-* mono* libmono-* libmono* monodoc* msbuild nuget ruby* rake ri g++-9 g++-10 g++-12 gcc-9 gcc-10 gcc-12 gfortran-* clang-* libclang* llvm-* libllvm* lldb-* lld-* clang-format-* clang-tidy-* powershell r-base* r-cran* r-doc* r-recommended snapd man-db manpages libgtk-3-* ubuntu-mono *-icon-theme imagemagick imagemagick-6-common libgl1-mesa-dri firebird* hhvm 
build	UNKNOWN STEP	2026-09-26T15:33:13.6327184Z [i] Skipping Non-existing apt Packages: containers-common adoptopenjdk-* hhvm
build	UNKNOWN STEP	2026-09-26T15:35:08.8684677Z 
build	UNKNOWN STEP	2026-09-26T15:35:08.8685402Z WARNING: apt does not have a stable CLI interface. Use with caution in scripts.
build	UNKNOWN STEP	2026-09-26T15:35:09.2527138Z 
build	UNKNOWN STEP	2026-09-26T15:35:09.2528170Z Reading package lists...
build	UNKNOWN STEP	2026-09-26T15:35:09.5180709Z Building dependency tree...
build	UNKNOWN STEP	2026-09-26T15:35:09.5185578Z Reading state information...
build	UNKNOWN STEP	2026-09-26T15:35:09.7084661Z 0 upgraded, 0 newly installed, 0 to remove and 26 not upgraded.
build	UNKNOWN STEP	2026-09-26T15:35:09.7199229Z ##[endgroup]
build	UNKNOWN STEP	2026-09-26T15:35:09.7200042Z ##[group] {[-]}  Purging Unnecessary Files and Directories
build	UNKNOWN STEP	2026-09-26T15:35:09.9160713Z Purging /home/linuxbrew
build	UNKNOWN STEP	2026-09-26T15:35:09.9219353Z Purging /usr/bin/docker-credential-ecr-login
build	UNKNOWN STEP	2026-09-26T15:35:09.9258892Z Purging /usr/local/bin/docker-compose
build	UNKNOWN STEP	2026-09-26T15:35:09.9282691Z Purging /usr/bin/docker-credential-ecr-login
build	UNKNOWN STEP	2026-09-26T15:35:09.9360944Z Purging /usr/local/bin/kind
build	UNKNOWN STEP	2026-09-26T15:35:09.9438829Z Purging /usr/local/bin/helm
build	UNKNOWN STEP	2026-09-26T15:35:09.9460333Z Purging /usr/local/bin/minikube
build	UNKNOWN STEP	2026-09-26T15:35:09.9494138Z Purging /usr/local/bin/kustomize
build	UNKNOWN STEP	2026-09-26T15:35:09.9588147Z Purging /usr/local/bin/terraform
build	UNKNOWN STEP	2026-09-26T15:35:10.3195625Z Purging /usr/local/lib/android/sdk/cmdline-tools
build	UNKNOWN STEP	2026-09-26T15:35:10.3376329Z Purging /usr/local/lib/android/sdk/licenses
build	UNKNOWN STEP	2026-09-26T15:35:10.5656592Z Purging /usr/local/lib/android/sdk/build-tools
build	UNKNOWN STEP	2026-09-26T15:35:10.5859553Z Purging /usr/local/lib/android/sdk/packages-list.txt
build	UNKNOWN STEP	2026-09-26T15:35:10.6084524Z Purging /usr/local/lib/android/sdk/platform-tools
build	UNKNOWN STEP	2026-09-26T15:35:11.5071202Z Purging /usr/local/lib/android/sdk/cmake
build	UNKNOWN STEP	2026-09-26T15:35:14.4844598Z Purging /usr/local/lib/android/sdk/extras
build	UNKNOWN STEP	2026-09-26T15:35:14.5020299Z Purging /usr/lib/jvm/
build	UNKNOWN STEP	2026-09-26T15:35:14.5193425Z Purging /usr/local/graalvm
build	UNKNOWN STEP	2026-09-26T15:35:14.5368217Z Purging /usr/share/java/selenium-server.jar
build	UNKNOWN STEP	2026-09-26T15:35:14.6258296Z Purging /usr/share/gradle-9.7.1
build	UNKNOWN STEP	2026-09-26T15:35:14.6455036Z Purging /usr/bin/gradle
build	UNKNOWN STEP	2026-09-26T15:35:14.6690405Z Purging /usr/share/apache-maven-3.9.16
build	UNKNOWN STEP	2026-09-26T15:35:14.6855232Z Purging /usr/share/maven-repo
build	UNKNOWN STEP	2026-09-26T15:35:14.7020520Z Purging /usr/bin/mvn
build	UNKNOWN STEP	2026-09-26T15:35:14.7173316Z Purging '/usr/share/mysql*'
build	UNKNOWN STEP	2026-09-26T15:35:14.7343190Z Purging /opt/mssql-tools
build	UNKNOWN STEP	2026-09-26T15:35:14.7760468Z Purging /usr/local/sqlpackage
build	UNKNOWN STEP	2026-09-26T15:35:14.7912707Z Purging /usr/lib/firefox
build	UNKNOWN STEP	2026-09-26T15:35:14.8082848Z Purging /usr/local/share/gecko_driver
build	UNKNOWN STEP	2026-09-26T15:35:14.8253703Z Purging /usr/bin/geckodriver
build	UNKNOWN STEP	2026-09-26T15:35:14.8423856Z Purging /usr/bin/google-chrome
build	UNKNOWN STEP	2026-09-26T15:35:14.8585794Z Purging /usr/local/share/chromedriver-linux64
build	UNKNOWN STEP	2026-09-26T15:35:14.8740976Z Purging /usr/bin/chromedriver
build	UNKNOWN STEP	2026-09-26T15:35:14.9448051Z Purging /usr/local/share/chromium
build	UNKNOWN STEP	2026-09-26T15:35:14.9611043Z Purging /usr/bin/chromium
build	UNKNOWN STEP	2026-09-26T15:35:14.9778873Z Purging /usr/bin/chromium-browser
build	UNKNOWN STEP	2026-09-26T15:35:14.9989386Z Purging /usr/local/share/edge_driver
build	UNKNOWN STEP	2026-09-26T15:35:15.0155904Z Purging /usr/bin/msedgedriver
build	UNKNOWN STEP	2026-09-26T15:35:15.0465448Z Purging /usr/share/php
build	UNKNOWN STEP	2026-09-26T15:35:15.0522996Z Purging /etc/php
build	UNKNOWN STEP	2026-09-26T15:35:15.0666654Z Purging /usr/local/bin/phpunit
build	UNKNOWN STEP	2026-09-26T15:35:15.0818770Z Purging /usr/bin/composer
build	UNKNOWN STEP	2026-09-26T15:35:15.0989525Z Purging /home/runner/.config/composer
build	UNKNOWN STEP	2026-09-26T15:35:15.1188459Z Purging /etc/skel/.composer
build	UNKNOWN STEP	2026-09-26T15:35:15.1330150Z Purging /etc/.composer
build	UNKNOWN STEP	2026-09-26T15:35:15.1595944Z Purging /usr/local/bin/aliyun
build	UNKNOWN STEP	2026-09-26T15:35:15.1741185Z Purging /usr/local/bin/aws
build	UNKNOWN STEP	2026-09-26T15:35:15.1890395Z Purging /usr/local/bin/aws_completer
build	UNKNOWN STEP	2026-09-26T15:35:15.2018419Z Purging /usr/local/lib/android/sdk/ndk
build	UNKNOWN STEP	2026-09-26T15:35:15.2145724Z Purging /usr/local/aws
build	UNKNOWN STEP	2026-09-26T15:35:16.8867773Z Purging /usr/local/aws-cli
build	UNKNOWN STEP	2026-09-26T15:35:16.9010844Z Purging /usr/local/bin/azcopy
build	UNKNOWN STEP	2026-09-26T15:35:16.9137912Z Purging /usr/local/bin/azcopy10
build	UNKNOWN STEP	2026-09-26T15:35:17.2035279Z Purging /usr/local/aws-sam-cli
build	UNKNOWN STEP	2026-09-26T15:35:17.2205679Z Purging /usr/share/az_15.6.1
build	UNKNOWN STEP	2026-09-26T15:35:17.2336433Z Purging /usr/bin/az
build	UNKNOWN STEP	2026-09-26T15:35:17.2468382Z Purging /usr/share/google-cloud-sdk
build	UNKNOWN STEP	2026-09-26T15:35:17.2593763Z Purging /usr/lib/google-cloud-sdk
build	UNKNOWN STEP	2026-09-26T15:35:17.2725571Z Purging /usr/local/bin/bicep
build	UNKNOWN STEP	2026-09-26T15:35:17.2884737Z Purging /usr/local/bin/oc
build	UNKNOWN STEP	2026-09-26T15:35:17.3022362Z Purging /usr/local/bin/oras
build	UNKNOWN STEP	2026-09-26T15:35:17.3151953Z Purging /usr/local/lib/heroku
build	UNKNOWN STEP	2026-09-26T15:35:17.3279523Z Purging /usr/local/bin/hub
build	UNKNOWN STEP	2026-09-26T15:35:17.7655571Z Purging /opt/az
build	UNKNOWN STEP	2026-09-26T15:35:17.9018824Z Purging /home/runner/.dotnet
build	UNKNOWN STEP	2026-09-26T15:35:18.1317223Z Purging /etc/skel/.dotnet/tools
build	UNKNOWN STEP	2026-09-26T15:35:18.1464313Z Purging /etc/.dotnet/tools
build	UNKNOWN STEP	2026-09-26T15:35:22.1965343Z Purging /usr/share/dotnet
build	UNKNOWN STEP	2026-09-26T15:35:22.2101481Z Purging /usr/local/bin/vcpkg
build	UNKNOWN STEP	2026-09-26T15:35:22.2229702Z Purging /usr/share/ri
build	UNKNOWN STEP	2026-09-26T15:35:24.3672767Z Purging /usr/local/n
build	UNKNOWN STEP	2026-09-26T15:35:24.3816544Z Purging /usr/local/bin/n
build	UNKNOWN STEP	2026-09-26T15:35:24.3970886Z Purging /usr/local/lib/node_modules
build	UNKNOWN STEP	2026-09-26T15:35:24.5737813Z Purging /etc/skel/.nvm
build	UNKNOWN STEP	2026-09-26T15:35:24.7087595Z Purging /home/runner/.nvm
build	UNKNOWN STEP	2026-09-26T15:35:24.9675710Z Purging /opt/pipx
build	UNKNOWN STEP	2026-09-26T15:35:24.9816718Z Purging /opt/pipx_bin
build	UNKNOWN STEP	2026-09-26T15:35:34.1505365Z Purging /opt/hostedtoolcache/CodeQL
build	UNKNOWN STEP	2026-09-26T15:35:34.1744094Z Purging /opt/hostedtoolcache/Java_Temurin-Hotspot_jdk
build	UNKNOWN STEP	2026-09-26T15:35:34.4629537Z Purging /usr/local/share/vcpkg
build	UNKNOWN STEP	2026-09-26T15:35:39.6903924Z Purging /opt/hostedtoolcache/PyPy
build	UNKNOWN STEP	2026-09-26T15:35:43.3710608Z Purging /opt/hostedtoolcache/Ruby
build	UNKNOWN STEP	2026-09-26T15:35:44.0538890Z Purging /opt/hostedtoolcache/Python
build	UNKNOWN STEP	2026-09-26T15:35:48.5863723Z Purging /opt/hostedtoolcache/node
build	UNKNOWN STEP	2026-09-26T15:35:48.6611123Z Purging /usr/lib/llvm-14
build	UNKNOWN STEP	2026-09-26T15:35:48.6796247Z Purging /usr/local/bin/ccmake
build	UNKNOWN STEP	2026-09-26T15:35:48.6963395Z Purging /usr/local/bin/cmake
build	UNKNOWN STEP	2026-09-26T15:35:48.7109543Z Purging /usr/local/bin/cmake-gui
build	UNKNOWN STEP	2026-09-26T15:35:48.7239468Z Purging /usr/local/bin/cpack
build	UNKNOWN STEP	2026-09-26T15:35:48.7378076Z Purging /usr/local/bin/ctest
build	UNKNOWN STEP	2026-09-26T15:35:49.2905134Z Purging /usr/local/share/cmake-3.31
build	UNKNOWN STEP	2026-09-26T15:35:49.3078284Z Purging '/usr/local/*cmake*'
build	UNKNOWN STEP	2026-09-26T15:35:49.3222901Z Purging /usr/local/bin/ccmake
build	UNKNOWN STEP	2026-09-26T15:35:49.3368676Z Purging /usr/local/bin/cmake
build	UNKNOWN STEP	2026-09-26T15:35:49.3513089Z Purging /usr/local/bin/cmake-gui
build	UNKNOWN STEP	2026-09-26T15:35:50.2092535Z Purging /usr/local/doc/cmake
build	UNKNOWN STEP	2026-09-26T15:35:50.2228173Z Purging /usr/local/share/cmake-3.31
build	UNKNOWN STEP	2026-09-26T15:35:50.2354671Z Purging /opt/microsoft/powershell
build	UNKNOWN STEP	2026-09-26T15:35:50.5865294Z Purging /usr/local/share/powershell
build	UNKNOWN STEP	2026-09-26T15:35:50.6011936Z Purging /usr/share/rust
build	UNKNOWN STEP	2026-09-26T15:35:50.6180848Z Purging /home/runner/.cargo
build	UNKNOWN STEP	2026-09-26T15:35:50.6655573Z Purging /home/runner/.rustup
build	UNKNOWN STEP	2026-09-26T15:35:50.7345789Z Purging /etc/skel/.rustup
build	UNKNOWN STEP	2026-09-26T15:35:50.8977184Z Purging /etc/skel/.cargo
build	UNKNOWN STEP	2026-09-26T15:35:50.9114614Z Purging /etc/.rustup
build	UNKNOWN STEP	2026-09-26T15:35:50.9241468Z Purging /etc/.cargo
build	UNKNOWN STEP	2026-09-26T15:35:50.9378915Z Purging /usr/local/bin/stack
build	UNKNOWN STEP	2026-09-26T15:35:50.9503383Z Purging /home/runner/.ghcup
build	UNKNOWN STEP	2026-09-26T15:35:50.9630080Z Purging /usr/local/.ghcup
build	UNKNOWN STEP	2026-09-26T15:35:50.9860502Z Purging /usr/share/kotlinc
build	UNKNOWN STEP	2026-09-26T15:35:50.9998688Z Purging /usr/bin/kotlin
build	UNKNOWN STEP	2026-09-26T15:35:51.0140498Z Purging /usr/bin/kotlinc
build	UNKNOWN STEP	2026-09-26T15:35:51.0283376Z Purging /usr/bin/kotlinc-js
build	UNKNOWN STEP	2026-09-26T15:35:51.0429155Z Purging /usr/bin/kotlinc-jvm
build	UNKNOWN STEP	2026-09-26T15:35:51.0566209Z Purging /usr/bin/kotlinc-wasm
build	UNKNOWN STEP	2026-09-26T15:35:51.0704280Z Purging /usr/bin/kotlinr
build	UNKNOWN STEP	2026-09-26T15:35:53.3161935Z Purging /usr/local/julia1.13.0
build	UNKNOWN STEP	2026-09-26T15:35:53.3306311Z Purging /usr/bin/julia
build	UNKNOWN STEP	2026-09-26T15:35:53.6105392Z Purging /usr/share/swift
build	UNKNOWN STEP	2026-09-26T15:35:53.6276742Z Purging /usr/local/bin/swift
build	UNKNOWN STEP	2026-09-26T15:35:53.6440266Z Purging /usr/local/bin/swiftc
build	UNKNOWN STEP	2026-09-26T15:35:53.6582170Z Purging /var/cache/snapd
build	UNKNOWN STEP	2026-09-26T15:35:53.6748008Z Purging /home/runner/snap
build	UNKNOWN STEP	2026-09-26T15:35:53.6912228Z Purging '/usr/share/firebird*'
build	UNKNOWN STEP	2026-09-26T15:35:53.7087216Z Purging /usr/share/sbt
build	UNKNOWN STEP	2026-09-26T15:35:53.7258693Z Purging /usr/bin/sbt
build	UNKNOWN STEP	2026-09-26T15:35:53.7419806Z Purging '/usr/local/share/phantomjs*'
build	UNKNOWN STEP	2026-09-26T15:35:53.7582574Z Purging /usr/local/bin/phantomjs
build	UNKNOWN STEP	2026-09-26T15:35:53.7759319Z Purging /usr/local/bin/packer
build	UNKNOWN STEP	2026-09-26T15:35:53.7932620Z Purging /usr/local/lib/lein
build	UNKNOWN STEP	2026-09-26T15:35:53.8072854Z Purging /usr/local/bin/lein
build	UNKNOWN STEP	2026-09-26T15:35:53.8223835Z Purging /usr/local/bin/pulumi
build	UNKNOWN STEP	2026-09-26T15:35:53.8383481Z Purging /usr/local/bin/pulumi-language-bun
build	UNKNOWN STEP	2026-09-26T15:35:53.8567894Z Purging /usr/local/bin/pulumi-language-dotnet
build	UNKNOWN STEP	2026-09-26T15:35:53.8750881Z Purging /usr/local/bin/pulumi-language-go
build	UNKNOWN STEP	2026-09-26T15:35:53.8920256Z Purging /usr/local/bin/pulumi-language-java
build	UNKNOWN STEP	2026-09-26T15:35:53.9083271Z Purging /usr/local/bin/pulumi-language-nodejs
build	UNKNOWN STEP	2026-09-26T15:35:53.9249039Z Purging /usr/local/bin/pulumi-language-pcl
build	UNKNOWN STEP	2026-09-26T15:35:53.9411337Z Purging /usr/local/bin/pulumi-language-python
build	UNKNOWN STEP	2026-09-26T15:35:53.9557126Z Purging /usr/local/bin/pulumi-language-python-exec
build	UNKNOWN STEP	2026-09-26T15:35:53.9711076Z Purging /usr/local/bin/pulumi-language-yaml
build	UNKNOWN STEP	2026-09-26T15:35:53.9844394Z Purging /usr/local/bin/pulumi-resource-pulumi-nodejs
build	UNKNOWN STEP	2026-09-26T15:35:53.9981811Z Purging /usr/local/bin/pulumi-resource-pulumi-python
build	UNKNOWN STEP	2026-09-26T15:35:54.0133371Z Purging /usr/local/bin/pulumi-watch
build	UNKNOWN STEP	2026-09-26T15:35:55.2038500Z Purging /opt/hostedtoolcache/go
build	UNKNOWN STEP	2026-09-26T15:35:55.2178777Z Purging /usr/bin/conda
build	UNKNOWN STEP	2026-09-26T15:35:56.6854840Z Purging /usr/share/miniconda
build	UNKNOWN STEP	2026-09-26T15:36:23.4193241Z Purging /usr/local/lib/android/sdk/platforms
build	UNKNOWN STEP	2026-09-26T15:36:23.4195675Z Purging /usr/local/lib/android
build	UNKNOWN STEP	2026-09-26T15:36:24.0615724Z ##[endgroup]
build	UNKNOWN STEP	2026-09-26T15:36:24.0616614Z ##[group] {[-]}  Clearing Journal Logs
build	UNKNOWN STEP	2026-09-26T15:36:24.0998628Z Vacuuming done, freed 0B of archived journals from /var/log/journal.
build	UNKNOWN STEP	2026-09-26T15:36:24.0999625Z Vacuuming done, freed 0B of archived journals from /run/log/journal.
build	UNKNOWN STEP	2026-09-26T15:36:24.1003332Z Deleted archived journal /var/log/journal/5bcda04d057a4ab6a9e1641a23e96117/user-1000@00000000000000000000000000000000-00000000000035b0-00065bf1b4f99f80.journal (8.0M).
build	UNKNOWN STEP	2026-09-26T15:36:24.1033351Z Deleted archived journal /var/log/journal/5bcda04d057a4ab6a9e1641a23e96117/system@00000000000000000000000000000000-00000000000035b1-00065bf1b5196685.journal (8.0M).
build	UNKNOWN STEP	2026-09-26T15:36:24.1043105Z Deleted archived journal /var/log/journal/5bcda04d057a4ab6a9e1641a23e96117/user-1001@00000000000000000000000000000000-000000000000360d-00065bf1b51b612b.journal (8.0M).
build	UNKNOWN STEP	2026-09-26T15:36:24.1044459Z Vacuuming done, freed 24.0M of archived journals from /var/log/journal/5bcda04d057a4ab6a9e1641a23e96117.
build	UNKNOWN STEP	2026-09-26T15:36:24.3181866Z ##[endgroup]
build	UNKNOWN STEP	2026-09-26T15:36:24.3182628Z ##[group]<{[>]}> Free Disk Space After Cleanup <{[<]}>
build	UNKNOWN STEP	2026-09-26T15:36:24.3403860Z Use%  Used   Avail
build	UNKNOWN STEP	2026-09-26T15:36:24.3404250Z   7% 9400M 139261M
build	UNKNOWN STEP	2026-09-26T15:36:24.3406276Z ##[endgroup]
build	UNKNOWN STEP	2026-09-26T15:36:24.3481363Z ##[end-action id=__rokibhasansagar_slimhub_actions.__run;outcome=success;conclusion=success;duration_ms=337018]
build	UNKNOWN STEP	2026-09-26T15:36:24.3572603Z ##[group]Run pierotofy/set-swap-space@master
build	UNKNOWN STEP	2026-09-26T15:36:24.3572917Z with:
build	UNKNOWN STEP	2026-09-26T15:36:24.3573104Z   swap-size-gb: 12
build	UNKNOWN STEP	2026-09-26T15:36:24.3573305Z ##[endgroup]
build	UNKNOWN STEP	2026-09-26T15:36:24.3578207Z ##[start-action display=Swap space report before modification;id=__pierotofy_set-swap-space.__run]
build	UNKNOWN STEP	2026-09-26T15:36:24.3595489Z ##[group]Run echo "Memory and swap:"
build	UNKNOWN STEP	2026-09-26T15:36:24.3595786Z ^[[36;1mecho "Memory and swap:"^[[0m
build	UNKNOWN STEP	2026-09-26T15:36:24.3596025Z ^[[36;1mfree -h^[[0m
build	UNKNOWN STEP	2026-09-26T15:36:24.3596217Z ^[[36;1mecho^[[0m
build	UNKNOWN STEP	2026-09-26T15:36:24.3596410Z ^[[36;1mswapon --show^[[0m
build	UNKNOWN STEP	2026-09-26T15:36:24.3596618Z ^[[36;1mecho^[[0m
build	UNKNOWN STEP	2026-09-26T15:36:24.3625457Z shell: /usr/bin/bash --noprofile --norc -e -o pipefail {0}
build	UNKNOWN STEP	2026-09-26T15:36:24.3625791Z ##[endgroup]
build	UNKNOWN STEP	2026-09-26T15:36:24.3675886Z Memory and swap:
build	UNKNOWN STEP	2026-09-26T15:36:24.3695145Z                total        used        free      shared  buff/cache   available
build	UNKNOWN STEP	2026-09-26T15:36:24.3695947Z Mem:            15Gi       504Mi        11Gi        42Mi       3.8Gi        14Gi
build	UNKNOWN STEP	2026-09-26T15:36:24.3696358Z Swap:          3.0Gi          0B       3.0Gi
build	UNKNOWN STEP	2026-09-26T15:36:24.3697576Z 
build	UNKNOWN STEP	2026-09-26T15:36:24.3713685Z NAME      TYPE SIZE USED PRIO
build	UNKNOWN STEP	2026-09-26T15:36:24.3714182Z /swapfile file   3G   0B   -2
build	UNKNOWN STEP	2026-09-26T15:36:24.3715869Z 
build	UNKNOWN STEP	2026-09-26T15:36:24.3724221Z ##[end-action id=__pierotofy_set-swap-space.__run;outcome=success;conclusion=success;duration_ms=14]
build	UNKNOWN STEP	2026-09-26T15:36:24.3726491Z ##[start-action display=Set Swap;id=__pierotofy_set-swap-space.__run_2]
build	UNKNOWN STEP	2026-09-26T15:36:24.3779818Z ##[group]Run set -euo pipefail
build	UNKNOWN STEP	2026-09-26T15:36:24.3780315Z ^[[36;1mset -euo pipefail^[[0m
build	UNKNOWN STEP	2026-09-26T15:36:24.3780701Z ^[[36;1m^[[0m
build	UNKNOWN STEP	2026-09-26T15:36:24.3781033Z ^[[36;1m# get currently active swap file^[[0m
build	UNKNOWN STEP	2026-09-26T15:36:24.3781686Z ^[[36;1mSWAP_FILE=$(swapon --noheadings --show=NAME | tail -n 1 || true)^[[0m
build	UNKNOWN STEP	2026-09-26T15:36:24.3782221Z ^[[36;1m^[[0m
build	UNKNOWN STEP	2026-09-26T15:36:24.3782470Z ^[[36;1mif [ -n "$SWAP_FILE" ] && [ -f "$SWAP_FILE" ]; then^[[0m
build	UNKNOWN STEP	2026-09-26T15:36:24.3783104Z ^[[36;1m  echo "Swap file: $SWAP_FILE"^[[0m
build	UNKNOWN STEP	2026-09-26T15:36:24.3783848Z ^[[36;1m  sudo swapoff "$SWAP_FILE" || echo "Failed to swapoff $SWAP_FILE (maybe not active)"^[[0m
build	UNKNOWN STEP	2026-09-26T15:36:24.3784604Z ^[[36;1m  sudo rm -f "$SWAP_FILE"^[[0m
build	UNKNOWN STEP	2026-09-26T15:36:24.3785011Z ^[[36;1melse^[[0m
build	UNKNOWN STEP	2026-09-26T15:36:24.3785393Z ^[[36;1m  echo "No active swap, using /swapfile"^[[0m
build	UNKNOWN STEP	2026-09-26T15:36:24.3785907Z ^[[36;1m  SWAP_FILE=/swapfile^[[0m
build	UNKNOWN STEP	2026-09-26T15:36:24.3786290Z ^[[36;1mfi^[[0m
build	UNKNOWN STEP	2026-09-26T15:36:24.3786582Z ^[[36;1m^[[0m
build	UNKNOWN STEP	2026-09-26T15:36:24.3786973Z ^[[36;1m# determine FS type to pick allocation method^[[0m
build	UNKNOWN STEP	2026-09-26T15:36:24.3787710Z ^[[36;1mFS_TYPE=$(df --output=fstype "$(dirname "$SWAP_FILE")" | tail -n 1)^[[0m
build	UNKNOWN STEP	2026-09-26T15:36:24.3788074Z ^[[36;1m^[[0m
build	UNKNOWN STEP	2026-09-26T15:36:24.3788371Z ^[[36;1mecho "Creating swapfile at $SWAP_FILE on filesystem type: $FS_TYPE"^[[0m
build	UNKNOWN STEP	2026-09-26T15:36:24.3789144Z ^[[36;1m^[[0m
build	UNKNOWN STEP	2026-09-26T15:36:24.3789557Z ^[[36;1mif [[ "$FS_TYPE" == "xfs" || "$FS_TYPE" == "btrfs" ]]; then^[[0m
build	UNKNOWN STEP	2026-09-26T15:36:24.3790223Z ^[[36;1m  echo "Using dd for compatibility with $FS_TYPE"^[[0m
build	UNKNOWN STEP	2026-09-26T15:36:24.3790941Z ^[[36;1m  sudo dd if=/dev/zero of="$SWAP_FILE" bs=1M count=12K status=progress^[[0m
build	UNKNOWN STEP	2026-09-26T15:36:24.3791559Z ^[[36;1melse^[[0m
build	UNKNOWN STEP	2026-09-26T15:36:24.3791946Z ^[[36;1m  echo "Using fallocate for fast allocation"^[[0m
build	UNKNOWN STEP	2026-09-26T15:36:24.3792495Z ^[[36;1m  sudo fallocate -l "12G" "$SWAP_FILE"^[[0m
build	UNKNOWN STEP	2026-09-26T15:36:24.3792950Z ^[[36;1mfi^[[0m
build	UNKNOWN STEP	2026-09-26T15:36:24.3793139Z ^[[36;1m^[[0m
build	UNKNOWN STEP	2026-09-26T15:36:24.3793333Z ^[[36;1m# common swap file prep^[[0m
build	UNKNOWN STEP	2026-09-26T15:36:24.3793590Z ^[[36;1msudo chmod 600 "$SWAP_FILE"^[[0m
build	UNKNOWN STEP	2026-09-26T15:36:24.3793842Z ^[[36;1m^[[0m
build	UNKNOWN STEP	2026-09-26T15:36:24.3794051Z ^[[36;1m# attempt to disable CoW if on btrfs^[[0m
build	UNKNOWN STEP	2026-09-26T15:36:24.3794349Z ^[[36;1mif [[ "$FS_TYPE" == "btrfs" ]]; then^[[0m
build	UNKNOWN STEP	2026-09-26T15:36:24.3795151Z ^[[36;1m  echo "Disabling CoW and compression on btrfs"^[[0m
build	UNKNOWN STEP	2026-09-26T15:36:24.3795860Z ^[[36;1m  sudo chattr +C "$SWAP_FILE" || echo "chattr +C failed, continuing"^[[0m
build	UNKNOWN STEP	2026-09-26T15:36:24.3797119Z ^[[36;1m  sudo btrfs property set "$SWAP_FILE" compression none || echo "compression disable failed"^[[0m
build	UNKNOWN STEP	2026-09-26T15:36:24.3798124Z ^[[36;1mfi^[[0m
build	UNKNOWN STEP	2026-09-26T15:36:24.3798424Z ^[[36;1m^[[0m
build	UNKNOWN STEP	2026-09-26T15:36:24.3798761Z ^[[36;1m# attempt to init swap space^[[0m
build	UNKNOWN STEP	2026-09-26T15:36:24.3799158Z ^[[36;1mif sudo mkswap "$SWAP_FILE"; then^[[0m
build	UNKNOWN STEP	2026-09-26T15:36:24.3799464Z ^[[36;1m  echo "Swap file formatted successfully"^[[0m
build	UNKNOWN STEP	2026-09-26T15:36:24.3799933Z ^[[36;1melse^[[0m
build	UNKNOWN STEP	2026-09-26T15:36:24.3800520Z ^[[36;1m  echo "WARNING: mkswap failed. File may be sparse or invalid."^[[0m
build	UNKNOWN STEP	2026-09-26T15:36:24.3801150Z ^[[36;1mfi^[[0m
build	UNKNOWN STEP	2026-09-26T15:36:24.3801450Z ^[[36;1m^[[0m
build	UNKNOWN STEP	2026-09-26T15:36:24.3801769Z ^[[36;1m# attempt to enable swap^[[0m
build	UNKNOWN STEP	2026-09-26T15:36:24.3802220Z ^[[36;1mif sudo swapon "$SWAP_FILE"; then^[[0m
build	UNKNOWN STEP	2026-09-26T15:36:24.3802716Z ^[[36;1m  echo "Swap enabled at $SWAP_FILE"^[[0m
build	UNKNOWN STEP	2026-09-26T15:36:24.3803177Z ^[[36;1melse^[[0m
build	UNKNOWN STEP	2026-09-26T15:36:24.3803875Z ^[[36;1m  echo "WARNING: swapon failed (likely due to host or kernel restrictions). Continuing without swap."^[[0m
build	UNKNOWN STEP	2026-09-26T15:36:24.3804667Z ^[[36;1mfi^[[0m
build	UNKNOWN STEP	2026-09-26T15:36:24.3841452Z shell: /usr/bin/bash --noprofile --norc -e -o pipefail {0}
build	UNKNOWN STEP	2026-09-26T15:36:24.3841794Z ##[endgroup]
build	UNKNOWN STEP	2026-09-26T15:36:24.3977696Z Swap file: /swapfile
build	UNKNOWN STEP	2026-09-26T15:36:24.4299569Z Creating swapfile at /swapfile on filesystem type: ext4
build	UNKNOWN STEP	2026-09-26T15:36:24.4303809Z Using fallocate for fast allocation
build	UNKNOWN STEP	2026-09-26T15:36:24.4749092Z Setting up swapspace version 1, size = 12 GiB (12884897792 bytes)
build	UNKNOWN STEP	2026-09-26T15:36:24.4749851Z no label, UUID=4a6103e0-7724-42be-89a4-c1531aa0aa23
build	UNKNOWN STEP	2026-09-26T15:36:24.4758697Z Swap file formatted successfully
build	UNKNOWN STEP	2026-09-26T15:36:24.4876090Z Swap enabled at /swapfile
build	UNKNOWN STEP	2026-09-26T15:36:24.4886826Z ##[end-action id=__pierotofy_set-swap-space.__run_2;outcome=success;conclusion=success;duration_ms=115]
build	UNKNOWN STEP	2026-09-26T15:36:24.4891208Z ##[start-action display=Swap space report after modification;id=__pierotofy_set-swap-space.__run_3]
build	UNKNOWN STEP	2026-09-26T15:36:24.4918632Z ##[group]Run echo "Memory and swap:"
build	UNKNOWN STEP	2026-09-26T15:36:24.4919176Z ^[[36;1mecho "Memory and swap:"^[[0m
build	UNKNOWN STEP	2026-09-26T15:36:24.4919660Z ^[[36;1mfree -h^[[0m
build	UNKNOWN STEP	2026-09-26T15:36:24.4919995Z ^[[36;1mecho^[[0m
build	UNKNOWN STEP	2026-09-26T15:36:24.4920334Z ^[[36;1mswapon --show^[[0m
build	UNKNOWN STEP	2026-09-26T15:36:24.4920712Z ^[[36;1mecho^[[0m
build	UNKNOWN STEP	2026-09-26T15:36:24.4960793Z shell: /usr/bin/bash --noprofile --norc -e -o pipefail {0}
build	UNKNOWN STEP	2026-09-26T15:36:24.4961385Z ##[endgroup]
build	UNKNOWN STEP	2026-09-26T15:36:24.5026746Z Memory and swap:
build	UNKNOWN STEP	2026-09-26T15:36:24.5045777Z                total        used        free      shared  buff/cache   available
build	UNKNOWN STEP	2026-09-26T15:36:24.5046751Z Mem:            15Gi       524Mi        11Gi        42Mi       3.8Gi        14Gi
build	UNKNOWN STEP	2026-09-26T15:36:24.5047754Z Swap:           11Gi          0B        11Gi
build	UNKNOWN STEP	2026-09-26T15:36:24.5050676Z 
build	UNKNOWN STEP	2026-09-26T15:36:24.5064710Z NAME      TYPE SIZE USED PRIO
build	UNKNOWN STEP	2026-09-26T15:36:24.5065349Z /swapfile file  12G   0B   -2
build	UNKNOWN STEP	2026-09-26T15:36:24.5066183Z 
build	UNKNOWN STEP	2026-09-26T15:36:24.5094695Z ##[end-action id=__pierotofy_set-swap-space.__run_3;outcome=success;conclusion=success;duration_ms=20]
build	UNKNOWN STEP	2026-09-26T15:36:24.5135898Z ##[group]Run sudo apt-get update
build	UNKNOWN STEP	2026-09-26T15:36:24.5136452Z ^[[36;1msudo apt-get update^[[0m
build	UNKNOWN STEP	2026-09-26T15:36:24.5137203Z ^[[36;1msudo apt-get install -y bc bison flex libssl-dev lz4 zip unzip curl git rsync python3^[[0m
build	UNKNOWN STEP	2026-09-26T15:36:24.5138684Z ^[[36;1msudo ln -sf /usr/lib/x86_64-linux-gnu/libncurses.so.6 /usr/lib/x86_64-linux-gnu/libncurses.so.5^[[0m
build	UNKNOWN STEP	2026-09-26T15:36:24.5139875Z ^[[36;1msudo ln -sf /usr/lib/x86_64-linux-gnu/libtinfo.so.6 /usr/lib/x86_64-linux-gnu/libtinfo.so.5^[[0m
build	UNKNOWN STEP	2026-09-26T15:36:24.5140764Z ^[[36;1msudo ln -sf /usr/bin/python3 /usr/bin/python^[[0m
build	UNKNOWN STEP	2026-09-26T15:36:24.5180106Z shell: /usr/bin/bash -e {0}
build	UNKNOWN STEP	2026-09-26T15:36:24.5180528Z ##[endgroup]
build	UNKNOWN STEP	2026-09-26T15:36:24.6211306Z Get:1 file:/etc/apt/apt-mirrors.txt Mirrorlist [144 B]
build	UNKNOWN STEP	2026-09-26T15:36:24.6590538Z Hit:6 https://packages.microsoft.com/ubuntu/22.04/prod jammy InRelease
build	UNKNOWN STEP	2026-09-26T15:36:24.6610854Z Hit:2 http://azure.archive.ubuntu.com/ubuntu jammy InRelease
build	UNKNOWN STEP	2026-09-26T15:36:24.6612236Z Hit:3 http://azure.archive.ubuntu.com/ubuntu jammy-updates InRelease
build	UNKNOWN STEP	2026-09-26T15:36:24.6618795Z Hit:4 http://azure.archive.ubuntu.com/ubuntu jammy-backports InRelease
build	UNKNOWN STEP	2026-09-26T15:36:24.6629297Z Hit:5 http://azure.archive.ubuntu.com/ubuntu jammy-security InRelease
build	UNKNOWN STEP	2026-09-26T15:36:26.5407643Z Reading package lists...
build	UNKNOWN STEP	2026-09-26T15:36:26.6113003Z Reading package lists...
build	UNKNOWN STEP	2026-09-26T15:36:26.8673854Z Building dependency tree...
build	UNKNOWN STEP	2026-09-26T15:36:26.8679128Z Reading state information...
build	UNKNOWN STEP	2026-09-26T15:36:27.0322254Z flex is already the newest version (2.6.4-8build2).
build	UNKNOWN STEP	2026-09-26T15:36:27.0322947Z lz4 is already the newest version (1.9.3-2build2).
build	UNKNOWN STEP	2026-09-26T15:36:27.0323553Z zip is already the newest version (3.0-12build2).
build	UNKNOWN STEP	2026-09-26T15:36:27.0324327Z bison is already the newest version (2:3.8.2+dfsg-1ubuntu0.22.04.1).
build	UNKNOWN STEP	2026-09-26T15:36:27.0325247Z libssl-dev is already the newest version (3.0.2-0ubuntu1.29).
build	UNKNOWN STEP	2026-09-26T15:36:27.0325950Z python3 is already the newest version (3.10.6-1~22.04.1).
build	UNKNOWN STEP	2026-09-26T15:36:27.0326638Z rsync is already the newest version (3.2.7-0ubuntu0.22.04.7).
build	UNKNOWN STEP	2026-09-26T15:36:27.0327520Z unzip is already the newest version (6.0-26ubuntu3.2).
build	UNKNOWN STEP	2026-09-26T15:36:27.0328188Z git is already the newest version (1:2.55.0-0ppa1~ubuntu22.04.2).
build	UNKNOWN STEP	2026-09-26T15:36:27.0328870Z The following additional packages will be installed:
build	UNKNOWN STEP	2026-09-26T15:36:27.0329397Z   libcurl4
build	UNKNOWN STEP	2026-09-26T15:36:27.0505596Z The following NEW packages will be installed:
build	UNKNOWN STEP	2026-09-26T15:36:27.0512197Z   bc
build	UNKNOWN STEP	2026-09-26T15:36:27.0515942Z The following packages will be upgraded:
build	UNKNOWN STEP	2026-09-26T15:36:27.0522984Z   curl libcurl4
build	UNKNOWN STEP	2026-09-26T15:36:27.0693535Z 2 upgraded, 1 newly installed, 0 to remove and 24 not upgraded.
build	UNKNOWN STEP	2026-09-26T15:36:27.0693961Z Need to get 574 kB of archives.
build	UNKNOWN STEP	2026-09-26T15:36:27.0694319Z After this operation, 222 kB of additional disk space will be used.
build	UNKNOWN STEP	2026-09-26T15:36:27.0694739Z Get:1 file:/etc/apt/apt-mirrors.txt Mirrorlist [144 B]
build	UNKNOWN STEP	2026-09-26T15:36:27.1107725Z Get:2 http://azure.archive.ubuntu.com/ubuntu jammy/main amd64 bc amd64 1.07.1-3build1 [87.6 kB]
build	UNKNOWN STEP	2026-09-26T15:36:27.1375469Z Get:3 http://azure.archive.ubuntu.com/ubuntu jammy-updates/main amd64 curl amd64 7.81.0-1ubuntu1.29 [194 kB]
build	UNKNOWN STEP	2026-09-26T15:36:27.1662735Z Get:4 http://azure.archive.ubuntu.com/ubuntu jammy-updates/main amd64 libcurl4 amd64 7.81.0-1ubuntu1.29 [292 kB]
build	UNKNOWN STEP	2026-09-26T15:36:27.4355838Z Fetched 574 kB in 0s (4756 kB/s)
build	UNKNOWN STEP	2026-09-26T15:36:27.4534725Z Selecting previously unselected package bc.
build	UNKNOWN STEP	2026-09-26T15:36:27.4579172Z (Reading database ... 
build	UNKNOWN STEP	2026-09-26T15:36:27.4579768Z (Reading database ... 5%
build	UNKNOWN STEP	2026-09-26T15:36:27.4580237Z (Reading database ... 10%
build	UNKNOWN STEP	2026-09-26T15:36:27.4580653Z (Reading database ... 15%
build	UNKNOWN STEP	2026-09-26T15:36:27.4581057Z (Reading database ... 20%
build	UNKNOWN STEP	2026-09-26T15:36:27.4581448Z (Reading database ... 25%
build	UNKNOWN STEP	2026-09-26T15:36:27.4581850Z (Reading database ... 30%
build	UNKNOWN STEP	2026-09-26T15:36:27.4582249Z (Reading database ... 35%
build	UNKNOWN STEP	2026-09-26T15:36:27.4582631Z (Reading database ... 40%
build	UNKNOWN STEP	2026-09-26T15:36:27.4583016Z (Reading database ... 45%
build	UNKNOWN STEP	2026-09-26T15:36:27.4594201Z (Reading database ... 50%
build	UNKNOWN STEP	2026-09-26T15:36:27.4616994Z (Reading database ... 55%
build	UNKNOWN STEP	2026-09-26T15:36:27.4630952Z (Reading database ... 60%
build	UNKNOWN STEP	2026-09-26T15:36:27.4650708Z (Reading database ... 65%
build	UNKNOWN STEP	2026-09-26T15:36:27.4662429Z (Reading database ... 70%
build	UNKNOWN STEP	2026-09-26T15:36:27.4673693Z (Reading database ... 75%
build	UNKNOWN STEP	2026-09-26T15:36:27.4689644Z (Reading database ... 80%
build	UNKNOWN STEP	2026-09-26T15:36:27.4796742Z (Reading database ... 85%
build	UNKNOWN STEP	2026-09-26T15:36:27.4817060Z (Reading database ... 90%
build	UNKNOWN STEP	2026-09-26T15:36:27.4836239Z (Reading database ... 95%
build	UNKNOWN STEP	2026-09-26T15:36:27.4836634Z (Reading database ... 100%
build	UNKNOWN STEP	2026-09-26T15:36:27.4837145Z (Reading database ... 73726 files and directories currently installed.)
build	UNKNOWN STEP	2026-09-26T15:36:27.4852202Z Preparing to unpack .../bc_1.07.1-3build1_amd64.deb ...
build	UNKNOWN STEP	2026-09-26T15:36:27.4859714Z Unpacking bc (1.07.1-3build1) ...
build	UNKNOWN STEP	2026-09-26T15:36:27.5106863Z Preparing to unpack .../curl_7.81.0-1ubuntu1.29_amd64.deb ...
build	UNKNOWN STEP	2026-09-26T15:36:27.5124347Z Unpacking curl (7.81.0-1ubuntu1.29) over (7.81.0-1ubuntu1.27) ...
build	UNKNOWN STEP	2026-09-26T15:36:27.5384743Z Preparing to unpack .../libcurl4_7.81.0-1ubuntu1.29_amd64.deb ...
build	UNKNOWN STEP	2026-09-26T15:36:27.5419156Z Unpacking libcurl4:amd64 (7.81.0-1ubuntu1.29) over (7.81.0-1ubuntu1.27) ...
build	UNKNOWN STEP	2026-09-26T15:36:27.5744547Z Setting up bc (1.07.1-3build1) ...
build	UNKNOWN STEP	2026-09-26T15:36:27.5777916Z Setting up libcurl4:amd64 (7.81.0-1ubuntu1.29) ...
build	UNKNOWN STEP	2026-09-26T15:36:27.5796037Z Setting up curl (7.81.0-1ubuntu1.29) ...
build	UNKNOWN STEP	2026-09-26T15:36:27.5814406Z Processing triggers for libc-bin (2.35-0ubuntu3.15) ...
build	UNKNOWN STEP	2026-09-26T15:36:27.5929104Z Processing triggers for install-info (6.8-4build1) ...
build	UNKNOWN STEP	2026-09-26T15:36:29.2942897Z ##[group]Run mkdir -p ~/bin && curl -s https://storage.googleapis.com/git-repo-downloads/repo > ~/bin/repo && chmod +x ~/bin/repo
build	UNKNOWN STEP	2026-09-26T15:36:29.2943879Z ^[[36;1mmkdir -p ~/bin && curl -s https://storage.googleapis.com/git-repo-downloads/repo > ~/bin/repo && chmod +x ~/bin/repo^[[0m
build	UNKNOWN STEP	2026-09-26T15:36:29.2944482Z ^[[36;1mgit config --global user.name "ci"^[[0m
build	UNKNOWN STEP	2026-09-26T15:36:29.2944805Z ^[[36;1mgit config --global user.email "ci@ci.local"^[[0m
build	UNKNOWN STEP	2026-09-26T15:36:29.2974426Z shell: /usr/bin/bash -e {0}
build	UNKNOWN STEP	2026-09-26T15:36:29.2974684Z ##[endgroup]
build	UNKNOWN STEP	2026-09-26T15:36:29.3734336Z ##[group]Run mkdir -p src && cd src
build	UNKNOWN STEP	2026-09-26T15:36:29.3734698Z ^[[36;1mmkdir -p src && cd src^[[0m
build	UNKNOWN STEP	2026-09-26T15:36:29.3735215Z ^[[36;1mgit clone --depth=1 https://github.com/Faisalahame/lineage-a2corelte.git device/samsung/a2corelte^[[0m
build	UNKNOWN STEP	2026-09-26T15:36:29.3736004Z ^[[36;1mgit clone --depth=1 https://github.com/Faisalahame/vendor_samsung_a2corelte.git vendor/samsung/a2corelte^[[0m
build	UNKNOWN STEP	2026-09-26T15:36:29.3766698Z shell: /usr/bin/bash -e {0}
build	UNKNOWN STEP	2026-09-26T15:36:29.3766957Z ##[endgroup]
build	UNKNOWN STEP	2026-09-26T15:36:29.3846276Z Cloning into 'device/samsung/a2corelte'...
build	UNKNOWN STEP	2026-09-26T15:36:30.0386012Z Cloning into 'vendor/samsung/a2corelte'...
build	UNKNOWN STEP	2026-09-26T15:36:31.6849865Z ##[group]Run cd src
build	UNKNOWN STEP	2026-09-26T15:36:31.6850145Z ^[[36;1mcd src^[[0m
build	UNKNOWN STEP	2026-09-26T15:36:31.6850546Z ^[[36;1m~/bin/repo init -u https://github.com/LineageOS/android.git -b lineage-17.1 --depth=1^[[0m
build	UNKNOWN STEP	2026-09-26T15:36:31.6851123Z ^[[36;1m~/bin/repo sync -c --no-tags --no-clone-bundle --optimized-fetch -j4^[[0m
build	UNKNOWN STEP	2026-09-26T15:36:31.6851498Z ^[[36;1mrm -rf .repo^[[0m
build	UNKNOWN STEP	2026-09-26T15:36:31.6880130Z shell: /usr/bin/bash -e {0}
build	UNKNOWN STEP	2026-09-26T15:36:31.6880381Z ##[endgroup]
build	UNKNOWN STEP	2026-09-26T15:36:34.0446221Z 
build	UNKNOWN STEP	2026-09-26T15:36:34.0447127Z repo has been initialized in /home/runner/work/lineage-a2corelte/lineage-a2corelte/src
build	UNKNOWN STEP	2026-09-26T15:44:46.9945993Z 
build	UNKNOWN STEP	2026-09-26T15:44:46.9950147Z device/qcom/sepolicy: Shared project LineageOS/android_device_qcom_sepolicy found, disabling pruning.
build	UNKNOWN STEP	2026-09-26T15:44:46.9950687Z 
build	UNKNOWN STEP	2026-09-26T15:44:46.9951045Z hardware/qcom/audio: Shared project LineageOS/android_hardware_qcom_audio found, disabling pruning.
build	UNKNOWN STEP	2026-09-26T15:44:46.9951503Z 
build	UNKNOWN STEP	2026-09-26T15:44:46.9951922Z hardware/qcom/bt: Shared project LineageOS/android_hardware_qcom_bt found, disabling pruning.
build	UNKNOWN STEP	2026-09-26T15:44:46.9952349Z 
build	UNKNOWN STEP	2026-09-26T15:44:46.9952717Z hardware/qcom/display: Shared project LineageOS/android_hardware_qcom_display found, disabling pruning.
build	UNKNOWN STEP	2026-09-26T15:44:46.9953191Z 
build	UNKNOWN STEP	2026-09-26T15:44:46.9953524Z hardware/qcom/media: Shared project LineageOS/android_hardware_qcom_media found, disabling pruning.
build	UNKNOWN STEP	2026-09-26T15:44:46.9953981Z 
build	UNKNOWN STEP	2026-09-26T15:44:46.9954452Z vendor/nxp/opensource/pn5xx/halimpl: Shared project LineageOS/android_vendor_nxp_opensource_halimpl found, disabling pruning.
build	UNKNOWN STEP	2026-09-26T15:44:46.9955027Z 
build	UNKNOWN STEP	2026-09-26T15:44:46.9955505Z vendor/nxp/opensource/pn5xx/hidlimpl: Shared project LineageOS/android_vendor_nxp_opensource_hidlimpl found, disabling pruning.
build	UNKNOWN STEP	2026-09-26T15:44:46.9956227Z Finalizing sync state...
build	UNKNOWN STEP	2026-09-26T15:44:46.9956521Z repo sync has finished successfully.
build	UNKNOWN STEP	2026-09-26T15:44:55.3734827Z ##[group]Run cd src
build	UNKNOWN STEP	2026-09-26T15:44:55.3743082Z ^[[36;1mcd src^[[0m
build	UNKNOWN STEP	2026-09-26T15:44:55.3743360Z ^[[36;1mrm -rf external/chromium-webview^[[0m
build	UNKNOWN STEP	2026-09-26T15:44:55.3743815Z ^[[36;1mecho 'PRODUCT_PACKAGES_REMOVE += webview' >> device/samsung/a2corelte/device.mk^[[0m
build	UNKNOWN STEP	2026-09-26T15:44:55.3744457Z ^[[36;1mAUDIO_FILE="frameworks/av/services/audiopolicy/managerdefault/AudioPolicyManager.cpp"^[[0m
build	UNKNOWN STEP	2026-09-26T15:44:55.3744948Z ^[[36;1mif [ -f "$AUDIO_FILE" ]; then^[[0m
build	UNKNOWN STEP	2026-09-26T15:44:55.3745398Z ^[[36;1m  sed -i 's|^#error Audio policy no longer supports legacy.*|// PATCHED|g' "$AUDIO_FILE"^[[0m
build	UNKNOWN STEP	2026-09-26T15:44:55.3745847Z ^[[36;1mfi^[[0m
build	UNKNOWN STEP	2026-09-26T15:44:55.3976600Z shell: /usr/bin/bash -e {0}
build	UNKNOWN STEP	2026-09-26T15:44:55.3976931Z ##[endgroup]
build	UNKNOWN STEP	2026-09-26T15:44:55.4182186Z ##[group]Run mkdir -p src/out/target/product/a2corelte
build	UNKNOWN STEP	2026-09-26T15:44:55.4182630Z ^[[36;1mmkdir -p src/out/target/product/a2corelte^[[0m
build	UNKNOWN STEP	2026-09-26T15:44:55.4183211Z ^[[36;1mgh release download -R Faisalahame/a2core-boot-builder -D src/out/target/product/a2corelte/ --clobber^[[0m
build	UNKNOWN STEP	2026-09-26T15:44:55.4183786Z ^[[36;1mcd src/out/target/product/a2corelte/^[[0m
build	UNKNOWN STEP	2026-09-26T15:44:55.4184155Z ^[[36;1mfor z in *.zip; do [ -f "$z" ] && unzip -o "$z"; done^[[0m
build	UNKNOWN STEP	2026-09-26T15:44:55.4184571Z ^[[36;1mif [ ! -f boot.img ] && [ -f Image ]; then mv Image boot.img; fi^[[0m
build	UNKNOWN STEP	2026-09-26T15:44:55.4184926Z ^[[36;1mls -la boot.img^[[0m
build	UNKNOWN STEP	2026-09-26T15:44:55.4212211Z shell: /usr/bin/bash -e {0}
build	UNKNOWN STEP	2026-09-26T15:44:55.4212474Z env:
build	UNKNOWN STEP	2026-09-26T15:44:55.4214924Z   GITHUB_TOKEN: ***
build	UNKNOWN STEP	2026-09-26T15:44:55.4215155Z ##[endgroup]
build	UNKNOWN STEP	2026-09-26T15:44:55.4292299Z /home/runner/work/_temp/70efcc86-a0c4-4441-a4c0-7826ef950d38.sh: line 2: gh: command not found
build	UNKNOWN STEP	2026-09-26T15:44:55.4315832Z ##[error]Process completed with exit code 127.
build	UNKNOWN STEP	2026-09-26T15:44:55.4556921Z ##[group]Run actions/upload-artifact@v4
build	UNKNOWN STEP	2026-09-26T15:44:55.4557511Z with:
build	UNKNOWN STEP	2026-09-26T15:44:55.4557722Z   name: build-log
build	UNKNOWN STEP	2026-09-26T15:44:55.4557934Z   path: build.log
build	UNKNOWN STEP	2026-09-26T15:44:55.4558144Z   if-no-files-found: warn
build	UNKNOWN STEP	2026-09-26T15:44:55.4558382Z   compression-level: 6
build	UNKNOWN STEP	2026-09-26T15:44:55.4558598Z   overwrite: false
build	UNKNOWN STEP	2026-09-26T15:44:55.4558810Z   include-hidden-files: false
build	UNKNOWN STEP	2026-09-26T15:44:55.4559041Z ##[endgroup]
build	UNKNOWN STEP	2026-09-26T15:44:55.7460606Z (node:58426) [DEP0040] DeprecationWarning: The `punycode` module is deprecated. Please use a userland alternative instead.
build	UNKNOWN STEP	2026-09-26T15:44:55.7461336Z (Use `node --trace-deprecation ...` to show where the warning was created)
build	UNKNOWN STEP	2026-09-26T15:44:55.7494960Z ##[warning]No files were found with the provided path: build.log. No artifacts will be uploaded.
build	UNKNOWN STEP	2026-09-26T15:44:55.7734238Z Cleaning up orphan processes
build	UNKNOWN STEP	2026-09-26T15:44:55.8254544Z ##[warning]Node.js 20 is deprecated. The following actions target Node.js 20 but are being forced to run on Node.js 24: actions/upload-artifact@v4. For more information see: https://github.blog/changelog/2025-09-19-deprecation-of-node-20-on-github-actions-runners/
